// Jest Snapshot v1, https://goo.gl/fbAQLP

exports[`Component Header Render correctly 1`] = `
<a
  href="/"
>
  Champions
</a>
`;

exports[`Component Header Render correctly 2`] = `null`;
